---
source: src/unit/test_zellij.rs
expression: frame.to_trimmed_string()
---
 Current Folder: /home/user/project (Ctrl f to change)
 ui_

 FILE  src/ui.rs   <Enter>



















 Hint: start your search with 'struct', 'fn' or 'enum' to look for rust assets
